// When testing check_list on individual lines

1 2 3 4 
3 4 2 2 
4 0 2 1 
2 1 4 3 
Complete
Invalid
Incomplete
Complete

// When testing check_sudoku on each row

bash-4.3$ ./sudoku
1 2 0 4 
3 4 1 2 
4 3 2 1 
2 1 4 3 
incomplete
bash-4.3$ make sudoku
make: 'sudoku' is up to date.
bash-4.3$ ./sudoku
1 2 2 4 
3 4 1 2 
4 3 2 1 
2 1 4 3 
invalid
bash-4.3$ ./sudoku
1 2 3 4 
3 4 1 2 
4 3 2 1 
2 1 4 3 
complete

// When testing check_sudoku on a larger puzzle for each row

bash-4.3$ ./sudoku
2 5 0 0 3 0 9 0 1 
0 1 0 0 0 4 0 0 0 
4 0 7 0 0 0 2 0 8 
0 0 5 2 0 0 0 0 0 
0 0 0 0 9 8 1 0 0 
0 4 0 0 0 3 0 0 0 
0 0 0 3 6 0 0 7 2 
0 7 0 0 0 0 0 0 3 
9 0 3 0 0 0 6 0 4 
8
4
incomplete

// When testing check_sudoku with rows, cols, and boxes being checked

bash-4.3$ ./sudoku
1 3 0 4 
3 4 1 2 
4 0 2 1 
2 1 4 3 
invalid
bash-4.3$ ./sudoku
1 2 3 4 
3 4 1 2 
4 3 2 1 
2 1 4 3 
complete
bash-4.3$ ./sudoku
1 2 3 4 
3 0 1 2 
4 3 2 1 
2 1 4 0 
incomplete
bash-4.3$ ./sudoku
1 2 3 4 
3 2 1 2 
4 3 2 1 
2 1 4 3 
invalid
bash-4.3$ ./sudoku
1 2 3 4 
3 4 1 2 
4 3 3 1 
2 1 4 3 
invalid

// When testing sudoku check tests

bash-4.3$ ./sudoku_check ./SudokuProblems/1_sudoku_check_tests/big-complete.in
  7  4 15 17 22  6  8  9 19 16 25 12 20  3 18 24  5 13 14 11  1 23  2 21 10
 23  2 21 10  1  7  4 15 17 22  6  8  9 19 16 25 12 20  3 18 24  5 13 14 11
  5 13 14 11 24 23  2 21 10  1  7  4 15 17 22  6  8  9 19 16 25 12 20  3 18
 12 20  3 18 25  5 13 14 11 24 23  2 21 10  1  7  4 15 17 22  6  8  9 19 16
  8  9 19 16  6 12 20  3 18 25  5 13 14 11 24 23  2 21 10  1  7  4 15 17 22
 22  7  4 15 17 16  6  8  9 19 18 25 12 20  3 11 24  5 13 14 10  1 23  2 21
  1 23  2 21 10 22  7  4 15 17 16  6  8  9 19 18 25 12 20  3 11 24  5 13 14
 24  5 13 14 11  1 23  2 21 10 22  7  4 15 17 16  6  8  9 19 18 25 12 20  3
 25 12 20  3 18 24  5 13 14 11  1 23  2 21 10 22  7  4 15 17 16  6  8  9 19
  6  8  9 19 16 25 12 20  3 18 24  5 13 14 11  1 23  2 21 10 22  7  4 15 17
 17 22  7  4 15 19 16  6  8  9  3 18 25 12 20 14 11 24  5 13 21 10  1 23  2
 10  1 23  2 21 17 22  7  4 15 19 16  6  8  9  3 18 25 12 20 14 11 24  5 13
 11 24  5 13 14 10  1 23  2 21 17 22  7  4 15 19 16  6  8  9  3 18 25 12 20
 18 25 12 20  3 11 24  5 13 14 10  1 23  2 21 17 22  7  4 15 19 16  6  8  9
 16  6  8  9 19 18 25 12 20  3 11 24  5 13 14 10  1 23  2 21 17 22  7  4 15
 15 17 22  7  4  9 19 16  6  8 20  3 18 25 12 13 14 11 24  5  2 21 10  1 23
 21 10  1 23  2 15 17 22  7  4  9 19 16  6  8 20  3 18 25 12 13 14 11 24  5
 14 11 24  5 13 21 10  1 23  2 15 17 22  7  4  9 19 16  6  8 20  3 18 25 12
  3 18 25 12 20 14 11 24  5 13 21 10  1 23  2 15 17 22  7  4  9 19 16  6  8
 19 16  6  8  9  3 18 25 12 20 14 11 24  5 13 21 10  1 23  2 15 17 22  7  4
  4 15 17 22  7  8  9 19 16  6 12 20  3 18 25  5 13 14 11 24 23  2 21 10  1
  2 21 10  1 23  4 15 17 22  7  8  9 19 16  6 12 20  3 18 25  5 13 14 11 24
 13 14 11 24  5  2 21 10  1 23  4 15 17 22  7  8  9 19 16  6 12 20  3 18 25
 20  3 18 25 12 13 14 11 24  5  2 21 10  1 23  4 15 17 22  7  8  9 19 16  6
  9 19 16  6  8 20  3 18 25 12 13 14 11 24  5  2 21 10  1 23  4 15 17 22  7
COMPLETE
bash-4.3$ ./sudoku_check ./SudokuProblems/1_sudoku_check_tests/big-incomplete.in
  7  4 15 17 22  6  8  9 19 16 25 12 20  3 18 24  5 13 14 11  1 23  2 21 10
 23  2 21 10  1  7  4 15 17 22  6  8  9 19 16 25 12 20  3 18 24  5 13 14 11
  5 13 14 11 24 23  2 21 10  1  7  4 15 17 22  6  8  9 19 16 25 12 20  3 18
 12 20  3 18 25  5 13 14 11 24 23  2 21 10  1  7  4 15 17 22  6  8  9 19 16
  8  9 19 16  6 12 20  3 18 25  5 13 14 11 24 23  2 21 10  1  7  4 15 17 22
 22  7  4 15 17 16  6  8  9 19 18 25 12 20  3 11 24  5 13 14 10  1 23  2 21
  1 23  2 21 10 22  7  4 15 17 16  6  8  9 19 18 25 12 20  3 11 24  5 13 14
 24  5 13 14 11  1 23  2 21 10 22  7  4 15 17 16  6  8  9 19 18 25 12 20  3
 25 12 20  3 18 24  5 13 14 11  1 23  2 21 10 22  7  4 15 17 16  6  8  9 19
  6  8  9 19 16 25 12 20  3 18 24  5 13 14 11  1 23  2 21 10 22  7  4 15 17
 17 22  7  4 15 19 16  6  8  9  3 18 25 12 20 14 11 24  5 13 21 10  1 23  2
 10  1 23  2 21 17 22  7  4 15 19 16  6  8  9  3 18 25 12 20 14 11 24  5 13
 11 24  5 13 14 10  1 23  2 21 17 22  7  4 15 19 16  6  8  9  3 18 25 12 20
 18 25 12 20  3 11 24  5 13 14 10  1 23  2 21  0 22  7  4 15 19 16  6  8  9
 16  6  8  9 19 18 25 12 20  3 11 24  5 13 14 10  1 23  2 21 17 22  7  4 15
 15 17 22  7  4  9 19 16  6  8 20  3 18 25 12 13 14 11 24  5  2 21 10  1 23
 21 10  1 23  2 15 17 22  7  4  9 19 16  6  8 20  3 18 25 12 13 14 11 24  5
 14 11 24  5 13 21 10  1 23  2 15 17 22  7  4  9 19 16  6  8 20  3 18 25 12
  3 18 25 12 20 14 11 24  5 13 21 10  1 23  2 15 17 22  7  4  9 19 16  6  8
 19 16  6  8  9  3 18 25 12 20 14 11 24  5 13 21 10  1 23  2 15 17 22  7  4
  4 15 17 22  7  8  9 19 16  6 12 20  3 18 25  5 13 14 11 24 23  2 21 10  1
  2 21 10  1 23  4 15 17 22  7  8  9 19 16  6 12 20  3 18 25  5 13 14 11 24
 13 14 11 24  5  2 21 10  1 23  4 15 17 22  7  8  9 19 16  6 12 20  3 18 25
 20  3 18 25 12 13 14 11 24  5  2 21 10  1 23  4 15 17 22  7  8  9 19 16  6
  9 19 16  6  8 20  3 18 25 12 13 14 11 24  5  2 21 10  1 23  4 15 17 22  7
INCOMPLETE
bash-4.3$ ./sudoku_check ./SudokuProblems/1_sudoku_check_tests/big-invalid-box.in
  7  4 15 17 22  6  8  9 19 16 25 12 20  3 18 24  5 13 14 11  1 23  2 21 10
 23  2 21 10  1  7  4 15 17 22  6  8  9 19 16 25 12 20  3 18 24  5 13 14 11
  5 13 14 11 24 23  2 21 10  1  7  4 15 17 22  6  8  9 19 16 25 12 20  3 18
 12 20  3 18 25  5 13 14 11 24 23  2 21 10  1  7  4 15 17 22  6  8  9 19 16
  8  9 19 16  6 12 20  3 18 25  5 13 14 11 24 23  2 21 10  1  7  4 15 17 22
 22  7  4 15 17 16  6  8  9 19 18 25 12 20  3 11 24  5 13 14 10  1 23  2 21
  1 23  2 21 10 22  7  4 15 17 16  6  8  9 19 18 25 12 20  3 11 24  5 13 14
 24  5 13 14 11  1 23  2 21 10 22  7  4 15 17 16  6  8  9 19 18 25 12 20  3
 25 12 20  3 18 24  5 13 14 11  1 23  2 21 10 22  7  4 15 17 16  6  8  9 19
  6  8  9 19 16 25 12 20  3 18 24  5 13 14 11  1 23  2 21 10 22  7  4 15 17
 17 22  7  4 15 19 16  6  8  9  3 18 25 12 20 14 11 24  5 13 21 10  1 23  2
 10  1 23  2 21 17 22  7  4 15 19 16  6  8  9  3 18 25 12 20 14 11 24  5 13
 11 24  5 13 14 10  1 23  2 21 17 22  7  4 15 19 16  6  8  9  3 18 25 12 20
 18 25 12 20  3 11 24  5 13 14 10  1 23  2 21 17 22  7  4 15 19 16  6  8  9
 16  6  8  9 19 18 25 12 20  3 11 24  5 13 14 10  1 23  2 21 17 22  7  4 15
 15 17 22  7  4  9 19 16  6  8 20  3 18 25 12 13 14 11 24  5  2 21 10  1 23
 21 10  1 23  2 15 17 22  7  4  9 19 16  6  8 20  3 18 25 12 13 14 11 24  5
 14 11 24  5 13 21 10  1 23  2 15 17 22  7  4  9 19 16  6  8 20  3 18 25 12
  3 18 25 12 20 14 11 24  5 13 21 10  1 23  2 15 17 22  7  4  9 19 16  6  8
 19 16  6  8  9  3 18 25 12 20 14 11 24  5 13 21 10  1 23  2 15 17 22  7  4
  4 15 17 22  7  8  9 19 16  6 12 20  3 18 25  5 13 14 11 24 23  2 21 10  1
  2 21 10  1 23  4 15 17 22  7  8  9 19 16  6 12 20  3 18 25  5 13 14 11 24
 13 14 11 24  5  2 21 10  1 23  4 15 17 22  7  8  9 19 16  6 12 20  3 18 25
 20  3 18 25 12 13 14 11 24  5  2 21 10  1 23  4 15 17 22  7  8  9 20 16  6
  9 19 16  6  8 20  3 18 25 12 13 14 11 24  5  2 21 10  1 23  4 15 17 22  7
INVALID
bash-4.3$ ./sudoku_check ./SudokuProblems/1_sudoku_check_tests/big-invalid-col.in
  7  4 15 17 22  6  8  9 19 16 25 12 20  3 18 24  5 13 14 11  1 23  2 21 10
 23  2 21 10  1  7  4 15 17 22  6  8  9 19 16 25 12 20  3 18 24  5 13 14 11
  5 13 14 11 24 23  2 21 10  1  7  4 15 17 22  6  8  9 19 16 25 12 20  3 18
 12 20  3 18 25  5 13 14 11 24 23  2 21 10  1  7  4 15 17 22  6  8  9 19 16
  8  9 19 16  6 12 20  3 18 25  5 13 14 11 24 23  2 21 10  1  7  4 15 17 22
 22  7  4 15 17 16  6  8  9 19 18 25 12 20  3 11 24  5 13 14 10  1 23  2 21
  1 23  2 21 10 22  7  4 15 17 16  6  8  9 19 18 25 12 20  3 11 24  5 13 14
 24  5 13 14 11  1 23  2 21 10 22  7  4 15 17 16  6  8  9 19 18 25 12 20  3
 25 12 20  3 18 24  5 13 14 11  1 23  2 21 10 22  7  4 15 17 16  6  8  9 19
  6  8  9 19 16 25 12 20  3 18 24  5 13 14 11  1 23  2 21 10 22  7  4 15 17
 17 22  7  4 15 19 16  6  8  9  3 18 25 12 20 14 11 24  5 13 21 10  1 23  2
 10  1 23  2 21 17 22  7  4 15 19 16  6  8  9  3 18 25 12 20 14 11 24  5 13
 11 24  5 13 14 10  1 23  2 21 17 22  7  4 15 19 16  6  8  9  3 18 25 12 20
 18 25 12 20  3 11 24  5 13 14 10  1 23  2 21 17 22  7  4 15 19 16  6  8  9
 16  6  8  9 19 18 25 12 20  3 11 24  5 13 14 10  1 23  2 21 17 22  7  4 15
 15 17 22  7  4  9 19 16  6  8 20  3 18 25 12 13 14 11 24  5  2 21 10  1 23
 21 10  1 23  2 15 17 22  7  4  9 19 16  6  8 20  3 18 25 12 13 14 11 24  5
 14 11 24  5 13 21 10  1 23  2 15 17 22  7  4  9 19 16  6  8 20  3 18 25 12
  3 18 25 12 20 14 11 24  5 13 21 10  1 23  2 15 17 22  7  4  9 19 16  6  8
 19 16  6  8  9  3 18 25 12 20 14 11 24  5 13 21 10  1 23  2 15 17 22  7  4
  4 15 17 22  7  8  9 19 16  6 12 20  3 18 25  5 13 14 11 24 23  2 21 10  1
  2 21 10  1 23  4 15 17 22  7  8  9 19 16  6 12 20  3 18 25  5 13 14 11 24
 13 14 11 24  5  2 21 10  1 23  4 15 17 22  7  8  9 19 16  6 12 20  3 18 25
 20  3 18 25 12 13 14 11 24  5  2 21 10  1 23  4 15 17 22  7  8 20 19 16  6
  9 19 16  6  8 20  3 18 25 12 13 14 11 24  5  2 21 10  1 23  4 15 17 22  7
INVALID
bash-4.3$ ./sudoku_check ./SudokuProblems/1_sudoku_check_tests/big-invalid-row.in
  7  4 15 17 22  6  8  9 19 16 25 12 20  3 18 24  5 13 14 11  1 23  2 21 10
 23  2 21 10  1  7  4 15 17 22  6  8  9 19 16 25 12 20  3 18 24  5 13 14 11
  5 13 14 11 24 23  2 21 10  1  7  4 15 17 22  6  8  9 19 16 25 12 20  3 18
 12 20  3 18 25  5 13 14 11 24 23  2 21 10  1  7  4 15 17 22  6  8  9 19 16
  8  9 19 16  6 12 20  3 18 25  5 13 14 11 24 23  2 21 10  1  7  4 15 17 22
 22  7  4 15 17 16  6  8  9 19 18 25 12 20  3 11 24  5 13 14 10  1 23  2 21
  1 23  2 21 10 22  7  4 15 17 16  6  8  9 19 18 25 12 20  3 11 24  5 13 14
 24  5 13 14 11  1 23  2 21 10 22  7  4 15 17 16  6  8  9 19 18 25 12 20  3
 25 12 20  3 18 24  5 13 14 11  1 23  2 21 10 22  7  4 15 17 16  6  8  9 19
  6  8  9 19 16 25 12 20  3 18 24  5 13 14 11  1 23  2 21 10 22  7  4 15 17
 17 22  7  4 15 19 16  6  8  9  3 18 25 12 20 14 11 24  5 13 21 10  1 23  2
 10  1 23  2 21 17 22  7  4 15 19 16  6  8  9  3 18 25 12 20 14 11 24  5 13
 11 24  5 13 14 10  1 23  2 21 17 22  7  4 15 19 16  6  8  9  3 18 25 12 20
 18 25 12 20  3 11 24  5 13 14 10  1 23  2 21 17 22  7  4 15 19 16  6  8  9
 16  6  8  9 19 18 25 12 20  3 11 24  5 13 14 10  1 23  2 21 17 22  7  4 15
 15 17 22  7  4  9 19 16  6  8 20  3 18 25 12 13 14 11 24  5  2 21 10  1 23
 21 10  1 23  2 15 17 22  7  4  9 19 16  6  8 20  3 18 25 12 13 14 11 24  5
 14 11 24  5 13 21 10  1 23  2 15 17 22  7  4  9 19 16  6  8 20  3 18 25 12
  3 18 25 12 20 14 11 24  5 13 21 10  1 23  2 15 17 22  7  4  9 19 16  6  8
 19 16  6  8  9  3 18 25 12 20 14 11 24  5 13 21 10  1 23  2 15 17 22  7  4
  4 15 17 22  7  8  9 19 16  6 12 20  3 18 25  5 13 14 11 24 23  2 21 10  1
  2 21 10  1 23  4 15 17 22  7  8  9 19 16  6 12 20  3 18 25  5 13 14 11 24
 13 14 11 24  5  2 21 10  1 23  4 15 17 22  7  8  9 19 16  6 12 20 20 18 25
 20  3 18 25 12 13 14 11 24  5  2 21 10  1 23  4 15 17 22  7  8  9 19 16  6
  9 19 16  6  8 20  3 18 25 12 13 14 11 24  5  2 21 10  1 23  4 15 17 22  7
INVALID
bash-4.3$ ./sudoku_check ./SudokuProblems/1_sudoku_check_tests/check_box_1.in
  1  0  0  0
  0  1  0  0
  0  0  0  0
  0  0  0  0
INVALID
bash-4.3$ ./sudoku_check ./SudokuProblems/1_sudoku_check_tests/check_box_2.in
  0  0  0  0
  0  0  0  0
  0  0  3  0
  0  0  0  3
INVALID
bash-4.3$ ./sudoku_check ./SudokuProblems/1_sudoku_check_tests/check_col_2.in
  0  0  0  1
  0  0  0  3
  0  0  0  3
  0  0  0  4
INVALID
bash-4.3$ ./sudoku_check ./SudokuProblems/1_sudoku_check_tests/check_empty.in
  0  0  0  0
  0  0  0  0
  0  0  0  0
  0  0  0  0
INCOMPLETE
bash-4.3$ ./sudoku_check ./SudokuProblems/1_sudoku_check_tests/check_row_1.in
  0  0  0  0
  1  0  1  0
  0  0  0  0
  0  0  0  0
INVALID
bash-4.3$ ./sudoku_check ./SudokuProblems/1_sudoku_check_tests/check_row_2.in
  0  0  0  0
  0  0  0  0
  0  0  0  0
  1  2  3  1
INVALID
bash-4.3$ ./sudoku_check ./SudokuProblems/1_sudoku_check_tests/complete-2.in
  1  2  3  4
  3  4  1  2
  4  3  2  1
  2  1  4  3
COMPLETE
bash-4.3$ ./sudoku_check ./SudokuProblems/1_sudoku_check_tests/complete-3.in
  2  5  8  7  3  6  9  4  1
  6  1  9  8  2  4  3  5  7
  4  3  7  9  1  5  2  6  8
  3  9  5  2  7  1  4  8  6
  7  6  2  4  9  8  1  3  5
  8  4  1  6  5  3  7  2  9
  1  8  4  3  6  9  5  7  2
  5  7  6  1  4  2  8  9  3
  9  2  3  5  8  7  6  1  4
COMPLETE
bash-4.3$ ./sudoku_check ./SudokuProblems/1_sudoku_check_tests/incomplete-2.in
  0  2  3  4
  3  4  1  2
  4  0  2  1
  2  0  4  0
INCOMPLETE
bash-4.3$ ./sudoku_check ./SudokuProblems/1_sudoku_check_tests/incomplete-3.in
  2  5  0  0  3  0  9  0  1
  0  1  0  0  0  4  0  0  0
  4  0  7  0  0  0  2  0  8
  0  0  5  2  0  0  0  0  0
  0  0  0  0  9  8  1  0  0
  0  4  0  0  0  3  0  0  0
  0  0  0  3  6  0  0  7  2
  0  7  0  0  0  0  0  0  3
  9  0  3  0  0  0  6  0  4
INCOMPLETE


// When testing sudoku solver tests

bash-4.3$ ./sudoku_solver ./SudokuProblems/2_sudoku_solver_tests/big-solvable.in
 25 18 23 15  1  5 20 11 24 14  7 17  2 19 12  6  8 16 10  4  3 22 21 13  9
  4  6 10 16  8 22  9 21 13  3 15 25  1 18 23 20 11  5 24 14 19  2 12 17  7
 22 21  9 13  3 25 23 18 15  1 24  5 14 11 20 12 19 17  7  2  8  4  6 16 10
 14 20 24  5 11  2  7 12 17 19 16  4  8  6 10  9 21 22 13  3 18  1 23 25 15
  2 12  7 17 19  4 10  6 16  8 13 22  3 21  9 23 18 25 15  1 11 14 20  5 24
 13  3 21  9 22 15 18  1 23 25 20 24  5 14 11 19  2  7 12 17  4 16  8 10  6
 16  8  6 10  4 13 21  3  9 22 23 15 25  1 18 11 14 24 20  5  2 17 19  7 12
 15  1 18 23 25 24 11 14 20  5 12  7 17  2 19  8  4 10  6 16 22 13  3  9 21
 17 19 12  7  2 16  6  8 10  4  9 13 22  3 21 18  1 15 23 25 14  5 11 24 20
  5 11 20 24 14 17 12 19  7  2 10 16  4  8  6 21  3 13  9 22  1 25 18 15 23
 24 14 11 20  5  7 19  2 12 17  6 10 16  4  8  3 22  9 21 13 25 15  1 23 18
  7  2 19 12 17 10  8  4  6 16 21  9 13 22  3  1 25 23 18 15  5 24 14 20 11
 23 25  1 18 15 20 14  5 11 24 19 12  7 17  2  4 16  6  8 10 13  9 22 21  3
  9 22  3 21 13 23  1 25 18 15 11 20 24  5 14  2 17 12 19  7 16 10  4  6  8
 10  4  8  6 16  9  3 22 21 13 18 23 15 25  1 14  5 20 11 24 17  7  2 12 19
 21 13 22  3  9 18 25 15  1 23 14 11 20 24  5 17  7 19  2 12 10  6 16  8  4
 12 17  2 19  7  6  4 16  8 10  3 21  9 13 22 25 15 18  1 23 24 20  5 11 14
 20  5 14 11 24 12  2 17 19  7  8  6 10 16  4 22 13 21  3  9 15 23 25 18  1
 18 15 25  1 23 11  5 24 14 20  2 19 12  7 17 16 10  8  4  6  9 21 13  3 22
  6 16  4  8 10 21 22 13  3  9  1 18 23 15 25  5 24 11 14 20  7 12 17 19  2
 19  7 17  2 12  8 16 10  4  6 22  3 21  9 13 15 23  1 25 18 20 11 24 14  5
  3  9 13 22 21  1 15 23 25 18  5 14 11 20 24  7 12  2 17 19  6  8 10  4 16
  8 10 16  4  6  3 13  9 22 21 25  1 18 23 15 24 20 14  5 11 12 19  7  2 17
  1 23 15 25 18 14 24 20  5 11 17  2 19 12  7 10  6  4 16  8 21  3  9 22 13
 11 24  5 14 20 19 17  7  2 12  4  8  6 10 16 13  9  3 22 21 23 18 15  1 25
bash-4.3$ ./sudoku_solver ./SudokuProblems/2_sudoku_solver_tests/big-solvable-2.in
 10  8 16  6  4  3 21  9 22 13  1 15 18 23 25 14 11  5 24 20  7 17 12 19  2
  9  3 13 21 22  1 18 23 25 15 14 24 11 20  5  2 19 17  7 12 10 16  6  8  4
 23  1 15 18 25 14 11 20  5 24  2  7 19 12 17  4  8 16 10  6  9 13 21  3 22
  7 19 17 12  2  8  6 10  4 16  3 13 21  9 22  1 18 25 15 23 24  5 20 11 14
 24 11  5 20 14 19 12  7  2 17  8 16  6 10  4  3 21 22 13  9 15 25 23 18  1
 18 25 23  1 15  5 14 11 24 20 17 12  2 19  7 16  4 10  6  8 21  9  3 22 13
  6  4 10  8 16 22  3 21 13  9 25 23  1 18 15  5 14 24 20 11 12  7 19  2 17
 21 22  9  3 13 25  1 18 15 23  5 20 14 11 24 17  2  7 12 19  6 10  8  4 16
 12  2  7 19 17  4  8  6 16 10 22  9  3 21 13 25  1 15 23 18 20 24 11 14  5
 20 14 24 11  5  2 19 12 17  7  4 10  8  6 16 22  3 13  9 21 23 15 18  1 25
 11  5 20 14 24 17  2 19  7 12 16  6  4  8 10 13 22  9 21  3 18 23  1 25 15
  8 16  6  4 10 13 22  3  9 21 15 18 25  1 23 24  5 20 11 14 19 12  2 17  7
  3 13 21 22  9 15 25  1 23 18 24 11  5 14 20  7 17 12 19  2  8  6  4 16 10
 19 17 12  2  7 16  4  8 10  6 13 21 22  3  9 15 25 23 18  1 11 20 14  5 24
  1 15 18 25 23 24  5 14 20 11  7 19 17  2 12 10 16  6  8  4  3 21 22 13  9
 25 23  1 15 18 20 24  5 11 14 12  2  7 17 19  6 10  8  4 16 22  3 13  9 21
 14 24 11  5 20  7 17  2 12 19 10  8 16  4  6  9 13 21  3 22  1 18 25 15 23
  4 10  8 16  6  9 13 22 21  3 23  1 15 25 18 20 24 11 14  5  2 19 17  7 12
  2  7 19 17 12 10 16  4  6  8  9  3 13 22 21 23 15 18  1 25 14 11  5 24 20
 22  9  3 13 21 23 15 25 18  1 20 14 24  5 11 12  7 19  2 17  4  8 16 10  6
  5 20 14 24 11 12  7 17 19  2  6  4 10 16  8 21  9  3 22 13 25  1 15 23 18
 15 18 25 23  1 11 20 24 14  5 19 17 12  7  2  8  6  4 16 10 13 22  9 21  3
 16  6  4 10  8 21  9 13  3 22 18 25 23 15  1 11 20 14  5 24 17  2  7 12 19
 13 21 22  9  3 18 23 15  1 25 11  5 20 24 14 19 12  2 17  7 16  4 10  6  8
 17 12  2  7 19  6 10 16  8  4 21 22  9 13  3 18 23  1 25 15  5 14 24 20 11
bash-4.3$ ./sudoku_solver ./SudokuProblems/2_sudoku_solver_tests/check_box_1.in
UNSOLVABLE
bash-4.3$ ./sudoku_solver ./SudokuProblems/2_sudoku_solver_tests/check_box_2.in
UNSOLVABLE
bash-4.3$ ./sudoku_solver ./SudokuProblems/2_sudoku_solver_tests/check_col_1.in
UNSOLVABLE
bash-4.3$ ./sudoku_solver ./SudokuProblems/2_sudoku_solver_tests/check_col_2.in
UNSOLVABLE
bash-4.3$ ./sudoku_solver ./SudokuProblems/2_sudoku_solver_tests/check_row_1.in
UNSOLVABLE
bash-4.3$ ./sudoku_solver ./SudokuProblems/2_sudoku_solver_tests/check_row_2.in
UNSOLVABLE
bash-4.3$ ./sudoku_solver ./SudokuProblems/2_sudoku_solver_tests/complete-2.in
  1  2  3  4
  3  4  1  2
  4  3  2  1
  2  1  4  3
bash-4.3$ ./sudoku_solver ./SudokuProblems/2_sudoku_solver_tests/complete-3.in
  2  5  8  7  3  6  9  4  1
  6  1  9  8  2  4  3  5  7
  4  3  7  9  1  5  2  6  8
  3  9  5  2  7  1  4  8  6
  7  6  2  4  9  8  1  3  5
  8  4  1  6  5  3  7  2  9
  1  8  4  3  6  9  5  7  2
  5  7  6  1  4  2  8  9  3
  9  2  3  5  8  7  6  1  4
bash-4.3$ ./sudoku_solver ./SudokuProblems/2_sudoku_solver_tests/incomplete-2.in
  1  2  3  4
  3  4  1  2
  4  3  2  1
  2  1  4  3

// When testing sudoku_advanced using stacscheck tests

bash-4.3$ make sudoku_advanced
make: 'sudoku_advanced' is up to date.
bash-4.3$ ./sudoku_advanced ./SudokuProblems/3_sudoku_advanced_tests/basic/check_box_1.in
UNSOLVABLE
bash-4.3$ ./sudoku_advanced ./SudokuProblems/3_sudoku_advanced_tests/basic/check_box_2.in
UNSOLVABLE
bash-4.3$ ./sudoku_advanced ./SudokuProblems/3_sudoku_advanced_tests/basic/check_col_1.in
UNSOLVABLE
bash-4.3$ ./sudoku_advanced ./SudokuProblems/3_sudoku_advanced_tests/basic/check_col_2.in
UNSOLVABLE
bash-4.3$ ./sudoku_advanced ./SudokuProblems/3_sudoku_advanced_tests/basic/check_row_1.in
UNSOLVABLE
bash-4.3$ ./sudoku_advanced ./SudokuProblems/3_sudoku_advanced_tests/basic/check_row_2.in
UNSOLVABLE
bash-4.3$ ./sudoku_advanced ./SudokuProblems/3_sudoku_advanced_tests/basic/complete-2.in
  1  2  3  4
  3  4  1  2
  4  3  2  1
  2  1  4  3
bash-4.3$ ./sudoku_advanced ./SudokuProblems/3_sudoku_advanced_tests/basic/complete-3.in
  2  5  8  7  3  6  9  4  1
  6  1  9  8  2  4  3  5  7
  4  3  7  9  1  5  2  6  8
  3  9  5  2  7  1  4  8  6
  7  6  2  4  9  8  1  3  5
  8  4  1  6  5  3  7  2  9
  1  8  4  3  6  9  5  7  2
  5  7  6  1  4  2  8  9  3
  9  2  3  5  8  7  6  1  4
bash-4.3$ ./sudoku_advanced ./SudokuProblems/3_sudoku_advanced_tests/basic/complete-2.in
  1  2  3  4
  3  4  1  2
  4  3  2  1
  2  1  4  3
bash-4.3$ ./sudoku_advanced ./SudokuProblems/3_sudoku_advanced_tests/basic/complete-3.in
  2  5  8  7  3  6  9  4  1
  6  1  9  8  2  4  3  5  7
  4  3  7  9  1  5  2  6  8
  3  9  5  2  7  1  4  8  6
  7  6  2  4  9  8  1  3  5
  8  4  1  6  5  3  7  2  9
  1  8  4  3  6  9  5  7  2
  5  7  6  1  4  2  8  9  3
  9  2  3  5  8  7  6  1  4


